------------------------------------------------------------
TimeQuest Timing Analyzer Summary
------------------------------------------------------------

Type  : Slow 1200mV 85C Model Setup 'ClockPrescaler:prescaler|newClock'
Slack : -6.558
TNS   : -201.094

Type  : Slow 1200mV 85C Model Setup 'CLOCK_50'
Slack : -4.583
TNS   : -85.347

Type  : Slow 1200mV 85C Model Hold 'ClockPrescaler:prescaler|newClock'
Slack : 0.607
TNS   : 0.000

Type  : Slow 1200mV 85C Model Hold 'CLOCK_50'
Slack : 0.640
TNS   : 0.000

Type  : Slow 1200mV 85C Model Minimum Pulse Width 'CLOCK_50'
Slack : -3.000
TNS   : -35.125

Type  : Slow 1200mV 85C Model Minimum Pulse Width 'ClockPrescaler:prescaler|newClock'
Slack : -1.285
TNS   : -56.540

Type  : Slow 1200mV 0C Model Setup 'ClockPrescaler:prescaler|newClock'
Slack : -5.959
TNS   : -181.050

Type  : Slow 1200mV 0C Model Setup 'CLOCK_50'
Slack : -4.099
TNS   : -75.551

Type  : Slow 1200mV 0C Model Hold 'ClockPrescaler:prescaler|newClock'
Slack : 0.555
TNS   : 0.000

Type  : Slow 1200mV 0C Model Hold 'CLOCK_50'
Slack : 0.586
TNS   : 0.000

Type  : Slow 1200mV 0C Model Minimum Pulse Width 'CLOCK_50'
Slack : -3.000
TNS   : -35.125

Type  : Slow 1200mV 0C Model Minimum Pulse Width 'ClockPrescaler:prescaler|newClock'
Slack : -1.285
TNS   : -56.540

Type  : Fast 1200mV 0C Model Setup 'ClockPrescaler:prescaler|newClock'
Slack : -2.717
TNS   : -77.866

Type  : Fast 1200mV 0C Model Setup 'CLOCK_50'
Slack : -1.825
TNS   : -28.761

Type  : Fast 1200mV 0C Model Hold 'ClockPrescaler:prescaler|newClock'
Slack : 0.267
TNS   : 0.000

Type  : Fast 1200mV 0C Model Hold 'CLOCK_50'
Slack : 0.292
TNS   : 0.000

Type  : Fast 1200mV 0C Model Minimum Pulse Width 'CLOCK_50'
Slack : -3.000
TNS   : -29.525

Type  : Fast 1200mV 0C Model Minimum Pulse Width 'ClockPrescaler:prescaler|newClock'
Slack : -1.000
TNS   : -44.000

------------------------------------------------------------
