------------------------------------------------------------
TimeQuest Timing Analyzer Summary
------------------------------------------------------------

Type  : Slow 1200mV 85C Model Setup 'SW[0]'
Slack : -6.603
TNS   : -199.636

Type  : Slow 1200mV 85C Model Setup 'CLOCK_50'
Slack : -3.189
TNS   : -126.560

Type  : Slow 1200mV 85C Model Hold 'CLOCK_50'
Slack : 0.426
TNS   : 0.000

Type  : Slow 1200mV 85C Model Hold 'SW[0]'
Slack : 0.613
TNS   : 0.000

Type  : Slow 1200mV 85C Model Minimum Pulse Width 'CLOCK_50'
Slack : -3.000
TNS   : -59.540

Type  : Slow 1200mV 85C Model Minimum Pulse Width 'SW[0]'
Slack : -3.000
TNS   : -59.540

Type  : Slow 1200mV 0C Model Setup 'SW[0]'
Slack : -5.921
TNS   : -178.380

Type  : Slow 1200mV 0C Model Setup 'CLOCK_50'
Slack : -2.886
TNS   : -113.060

Type  : Slow 1200mV 0C Model Hold 'CLOCK_50'
Slack : 0.385
TNS   : 0.000

Type  : Slow 1200mV 0C Model Hold 'SW[0]'
Slack : 0.559
TNS   : 0.000

Type  : Slow 1200mV 0C Model Minimum Pulse Width 'CLOCK_50'
Slack : -3.000
TNS   : -59.540

Type  : Slow 1200mV 0C Model Minimum Pulse Width 'SW[0]'
Slack : -3.000
TNS   : -59.540

Type  : Fast 1200mV 0C Model Setup 'SW[0]'
Slack : -2.654
TNS   : -76.268

Type  : Fast 1200mV 0C Model Setup 'CLOCK_50'
Slack : -1.042
TNS   : -38.472

Type  : Fast 1200mV 0C Model Hold 'CLOCK_50'
Slack : 0.193
TNS   : 0.000

Type  : Fast 1200mV 0C Model Hold 'SW[0]'
Slack : 0.269
TNS   : 0.000

Type  : Fast 1200mV 0C Model Minimum Pulse Width 'SW[0]'
Slack : -3.000
TNS   : -79.942

Type  : Fast 1200mV 0C Model Minimum Pulse Width 'CLOCK_50'
Slack : -3.000
TNS   : -60.601

------------------------------------------------------------
