------------------------------------------------------------
TimeQuest Timing Analyzer Summary
------------------------------------------------------------

Type  : Slow 1200mV 85C Model Setup 'SW[0]'
Slack : -6.244
TNS   : -190.793

Type  : Slow 1200mV 85C Model Setup 'CLOCK_50'
Slack : -3.232
TNS   : -132.862

Type  : Slow 1200mV 85C Model Hold 'CLOCK_50'
Slack : 0.440
TNS   : 0.000

Type  : Slow 1200mV 85C Model Hold 'SW[0]'
Slack : 0.445
TNS   : 0.000

Type  : Slow 1200mV 85C Model Minimum Pulse Width 'CLOCK_50'
Slack : -3.000
TNS   : -60.825

Type  : Slow 1200mV 85C Model Minimum Pulse Width 'SW[0]'
Slack : -3.000
TNS   : -59.540

Type  : Slow 1200mV 0C Model Setup 'SW[0]'
Slack : -5.572
TNS   : -170.260

Type  : Slow 1200mV 0C Model Setup 'CLOCK_50'
Slack : -2.937
TNS   : -119.803

Type  : Slow 1200mV 0C Model Hold 'CLOCK_50'
Slack : 0.387
TNS   : 0.000

Type  : Slow 1200mV 0C Model Hold 'SW[0]'
Slack : 0.411
TNS   : 0.000

Type  : Slow 1200mV 0C Model Minimum Pulse Width 'CLOCK_50'
Slack : -3.000
TNS   : -60.825

Type  : Slow 1200mV 0C Model Minimum Pulse Width 'SW[0]'
Slack : -3.000
TNS   : -59.540

Type  : Fast 1200mV 0C Model Setup 'SW[0]'
Slack : -2.490
TNS   : -72.208

Type  : Fast 1200mV 0C Model Setup 'CLOCK_50'
Slack : -1.084
TNS   : -41.940

Type  : Fast 1200mV 0C Model Hold 'CLOCK_50'
Slack : 0.199
TNS   : 0.000

Type  : Fast 1200mV 0C Model Hold 'SW[0]'
Slack : 0.199
TNS   : 0.000

Type  : Fast 1200mV 0C Model Minimum Pulse Width 'SW[0]'
Slack : -3.000
TNS   : -77.735

Type  : Fast 1200mV 0C Model Minimum Pulse Width 'CLOCK_50'
Slack : -3.000
TNS   : -61.607

------------------------------------------------------------
